{"appId":"winget_app_BenthicSoftware.Golden","appShortcutName":"Winget Application","appDisplayName":"Benthic Software: Golden8","authorId":"winget","releaseTagName":"winget-8.0.0.802","downloadUrls":{"0":{"installerType":"WindowsInstallerMsi","asset":"","url":""},"1":{"installerType":"WindowsInstallerExe","asset":"","url":"https://www.benthicsoftware.com/apps/golden8setup802_64bit.exe"}},"install":{"win32":{"assetId":1,"exec":null,"installerArgs":null},"winarm":null,"linux":null,"linuxArm64":null,"linuxArm7":null,"android":null},"displayImages":[],"description":"An SQL query, scripting, editing, and exporting tool for Oracle databases.\n\nGolden is a query tool for Oracle databases. It includes advanced query abilities, data editing, and powerful import and export abilities including support for Excel and Calc spreadsheets.\n","repo":{"author":"microsoft","repo":"winget-pkgs"},"version":"8.0.0.802","site":"https://www.benthicsoftware.com/","source":"WinGet","license_or_tos":"Proprietary","resources":null,"verified":false}